********************************************************************************
DUPLICATOR-LITE PACKAGE-LOG: 17/01/2023 15:21
NOTICE: Do NOT post to public sites or forums 
********************************************************************************
VERSION:	1.5.0
WORDPRESS:	6.0.3
PHP INFO:	7.2.34 | SAPI: fpm-fcgi
SERVER:		Apache 
PHP TIME LIMIT: [30] not allowed 
PHP MAX MEMORY: 4294967296 (128M default) 
MEMORY STACK: 2MB
[CTRL DUP ARCIVE] PACKAGE AS NEW ID 11 SAVED | STATUS:0
[DUP ARCHIVE] BUILDING DATABASE

********************************************************************************
DATABASE:
********************************************************************************
BUILD MODE:   PHP(query limit - 100)
MYSQLTIMEOUT: 5000
MYSQLDUMP:    Not Supported
TABLES: total:78 | filtered:0 | create:78
FILTERED: []
SQL CREATED: backup_17_01_23_b8712bf92e3afcfd7549_20230117152118_database.sql
SQL FILE SIZE: 93.91MB (98467145)
SQL FILE TIME: 2023-01-17 15:21:35
SQL RUNTIME: 7.46 sec.
[DUP ARCHIVE] VALIDATING DATABASE
[DUP ARCHIVE] DONE DATABASE

********************************************************************************
ARCHIVE Type=DUP Mode=DupArchive
********************************************************************************
ARCHIVE DIR:  /home/rcode.com.br/public/clientes/atsnet
ARCHIVE FILE: backup_17_01_23_b8712bf92e3afcfd7549_20230117152118_archive.daf
FILTERS: *OFF*
DIRS:
	not set
FILES:
	not set
EXTS:  not set
----------------------------------------
COMPRESSING
SIZE:	237.37MB
STATS:	Dirs 2,584 | Files 13,475 | Total 16,059
[DUP ARCHIVE] DONE ARCHIVE
[DUP ARCHIVE] DONE ARCHIVE
building installer
[PHP ERR][WARN] MSG:is_readable(): open_basedir restriction in effect. File(/dev/urandom) is not within the allowed path(s): (/home/rcode.com.br) [CODE:2|FILE:/home/rcode.com.br/public/clientes/atsnet/wp-content/plugins/duplicator/classes/class.password.php|LINE:65]
do_action('wp_ajax_duplicator_duparchive_package_build'), WP_Hook->do_action, WP_Hook->apply_filters, duplicator_duparchive_package_build, DUP_Package->runDupArchiveBuild, DUP_Archive->build, DUP_DupArchive::create, DUP_Installer->build, DUP_Installer->create_enhanced_installer_files, DUP_Installer->create_archive_config_file, DUP_PasswordHash->HashPassword, DUP_PasswordHash->get_random_bytes, is_readable, DUP_Handler::error, DUP_Handler::getMessage
[DUP ARCHIVE] DONE ARCHIVE
COMPRESSED SIZE: 138.34MB
ARCHIVE RUNTIME: 38.47 sec.
MEMORY STACK: 6.23MB
CREATE WARNINGS: No warnings.
VALIDATION WARNINGS: No warnings.
[DUP ARCHIVE] DONE ARCHIVE
[DUP ARCHIVE] HAS COMPLETED CLOSING
[DUP ARCHIVE] DUP ARCHIVE INTEGRITY CHECK

********************************************************************************
INTEGRITY CHECKS:
********************************************************************************
SQL FILE: 93.91MB
INSTALLER FILE: 94.69KB
ARCHIVE FILE: 138.34MB 
EXPECTED FILE/DIRECTORY COUNT: 16,788
ACTUAL FILE/DIRECTORY COUNT: 16,789

********************************************************************************
RECORD ID:[11]
TOTAL PROCESS RUNTIME: 38.51 sec.
PEAK PHP MEMORY USED: 6.23MB
DONE PROCESSING => backup_17_01_23 2023-01-17 15:22:06

